../Core/Src/main.c:118:10:calculate_crc	32	static
../Core/Src/main.c:134:6:get_cuc_time	32	static
../Core/Src/main.c:154:6:send_packet	72	static
../Core/Src/main.c:191:6:send_response	40	static
../Core/Src/main.c:252:5:main	16	static,ignoring_inline_asm
../Core/Src/main.c:328:6:SystemClock_Config	96	static
../Core/Src/main.c:378:13:MX_USART1_UART_Init	8	static
../Core/Src/main.c:411:13:MX_DMA_Init	16	static
../Core/Src/main.c:429:13:MX_GPIO_Init	48	static
../Core/Src/main.c:462:6:HAL_UART_TxCpltCallback	16	static
../Core/Src/main.c:471:6:HAL_UART_RxCpltCallback	24	static
../Core/Src/main.c:551:6:Error_Handler	4	static,ignoring_inline_asm
