../Drivers/CMSIS/Include/core_cm4.h:2059:26:ITM_SendChar	16	static,ignoring_inline_asm
../Core/Src/main.c:108:10:calculate_crc	32	static
../Core/Src/main.c:123:6:get_cuc_time	32	static
../Core/Src/main.c:142:6:send_packet	72	static
../Core/Src/main.c:185:6:send_response	48	static
../Core/Src/main.c:242:5:_write	32	static
../Core/Src/main.c:257:5:main	16	static,ignoring_inline_asm
../Core/Src/main.c:329:6:SystemClock_Config	96	static
../Core/Src/main.c:379:13:MX_USART1_UART_Init	8	static
../Core/Src/main.c:412:13:MX_DMA_Init	16	static
../Core/Src/main.c:430:13:MX_GPIO_Init	48	static
../Core/Src/main.c:463:6:HAL_UART_TxCpltCallback	16	static
../Core/Src/main.c:471:6:HAL_UART_RxCpltCallback	32	static
../Core/Src/main.c:564:6:Error_Handler	4	static,ignoring_inline_asm
